<?php return array (
  0 => 'Symfony\\Bundle\\FrameworkBundle\\Controller\\AbstractController',
  1 => 'App\\Controller\\ApiController',
  2 => 'App\\Controller\\BackController',
  3 => 'App\\Controller\\FrontController',
  4 => 'App\\Controller\\MailerController',
  5 => 'App\\Controller\\Mobile\\UtilisateurMobileController',
  6 => 'App\\Controller\\ProfileController',
  7 => 'App\\Controller\\RegistrationController',
  8 => 'App\\Controller\\ResetPasswordController',
  9 => 'App\\Controller\\SecurityController',
  10 => 'App\\Controller\\UtilisateurApiController',
  11 => 'App\\Controller\\UtilisateurController',
  12 => 'App\\Entity\\Abonnement',
  13 => 'App\\Entity\\Article',
  14 => 'App\\Entity\\Categorie',
  15 => 'App\\Entity\\Commentaire',
  16 => 'App\\Entity\\Consultation',
  17 => 'App\\Entity\\Evenement',
  18 => 'App\\Entity\\Fiche',
  19 => 'App\\Entity\\Pack',
  20 => 'App\\Entity\\ParticipationEvenement',
  21 => 'App\\Entity\\ParticipationSeance',
  22 => 'App\\Entity\\ResetPasswordRequest',
  23 => 'App\\Entity\\Seance',
  24 => 'App\\Entity\\Ticket',
  25 => 'App\\Entity\\Utilisateur',
  26 => 'App\\Entity\\Video',
  27 => 'Doctrine\\Bundle\\DoctrineBundle\\Controller\\ProfilerController',
  28 => 'Doctrine\\ORM\\Cache\\Persister\\Entity\\AbstractEntityPersister',
  29 => 'Doctrine\\ORM\\Cache\\Persister\\Entity\\CachedEntityPersister',
  30 => 'Doctrine\\ORM\\Cache\\Persister\\Entity\\NonStrictReadWriteCachedEntityPersister',
  31 => 'Doctrine\\ORM\\Cache\\Persister\\Entity\\ReadOnlyCachedEntityPersister',
  32 => 'Doctrine\\ORM\\Cache\\Persister\\Entity\\ReadWriteCachedEntityPersister',
  33 => 'Doctrine\\ORM\\Persisters\\Entity\\AbstractEntityInheritancePersister',
  34 => 'Doctrine\\ORM\\Persisters\\Entity\\BasicEntityPersister',
  35 => 'Doctrine\\ORM\\Persisters\\Entity\\CachedPersisterContext',
  36 => 'Doctrine\\ORM\\Persisters\\Entity\\EntityPersister',
  37 => 'Doctrine\\ORM\\Persisters\\Entity\\JoinedSubclassPersister',
  38 => 'Doctrine\\ORM\\Persisters\\Entity\\SingleTablePersister',
  39 => 'SymfonyCasts\\Bundle\\ResetPassword\\Controller\\ResetPasswordControllerTrait',
  41 => 'Symfony\\Bundle\\FrameworkBundle\\Controller\\ControllerResolver',
  42 => 'Symfony\\Bundle\\FrameworkBundle\\Controller\\RedirectController',
  43 => 'Symfony\\Bundle\\FrameworkBundle\\Controller\\TemplateController',
  44 => 'Symfony\\Bundle\\WebProfilerBundle\\Controller\\ExceptionPanelController',
  45 => 'Symfony\\Bundle\\WebProfilerBundle\\Controller\\ProfilerController',
  46 => 'Symfony\\Bundle\\WebProfilerBundle\\Controller\\RouterController',
  47 => 'Symfony\\Component\\HttpKernel\\Controller\\ArgumentResolver',
  48 => 'Symfony\\Component\\HttpKernel\\Controller\\ArgumentResolverInterface',
  49 => 'Symfony\\Component\\HttpKernel\\Controller\\ArgumentResolver\\DefaultValueResolver',
  50 => 'Symfony\\Component\\HttpKernel\\Controller\\ArgumentResolver\\NotTaggedControllerValueResolver',
  51 => 'Symfony\\Component\\HttpKernel\\Controller\\ArgumentResolver\\RequestAttributeValueResolver',
  52 => 'Symfony\\Component\\HttpKernel\\Controller\\ArgumentResolver\\RequestValueResolver',
  53 => 'Symfony\\Component\\HttpKernel\\Controller\\ArgumentResolver\\ServiceValueResolver',
  54 => 'Symfony\\Component\\HttpKernel\\Controller\\ArgumentResolver\\SessionValueResolver',
  55 => 'Symfony\\Component\\HttpKernel\\Controller\\ArgumentResolver\\TraceableValueResolver',
  56 => 'Symfony\\Component\\HttpKernel\\Controller\\ArgumentResolver\\VariadicValueResolver',
  57 => 'Symfony\\Component\\HttpKernel\\Controller\\ArgumentValueResolverInterface',
  58 => 'Symfony\\Component\\HttpKernel\\Controller\\ContainerControllerResolver',
  59 => 'Symfony\\Component\\HttpKernel\\Controller\\ControllerReference',
  60 => 'Symfony\\Component\\HttpKernel\\Controller\\ControllerResolver',
  61 => 'Symfony\\Component\\HttpKernel\\Controller\\ControllerResolverInterface',
  62 => 'Symfony\\Component\\HttpKernel\\Controller\\ErrorController',
  63 => 'Symfony\\Component\\HttpKernel\\Controller\\TraceableArgumentResolver',
  64 => 'Symfony\\Component\\HttpKernel\\Controller\\TraceableControllerResolver',
  65 => 'Symfony\\Component\\Security\\Http\\Controller\\UserValueResolver',
);